=== watch started 2026-09-20T12:16:05Z for run 35510112582 ===
2026-09-20T12:16:06Z status=in_progress
2026-09-20T12:21:06Z status=completed failure

=== run finished 2026-09-20T12:21:06Z ===
{"conclusion":"failure","createdAt":"2026-09-20T12:15:42Z","status":"completed","updatedAt":"2026-09-20T12:19:07Z","url":"https://github.com/sapopo93/caregist/actions/runs/35510112582"}
shards (3)	Run resumable shard	2026-09-20T12:17:16.8030247Z env:
shards (3)	Run resumable shard	2026-09-20T12:17:16.8030454Z   PYTHON_VERSION: 3.12
shards (3)	Run resumable shard	2026-09-20T12:17:16.8030688Z   SHARD_COUNT: 8
shards (3)	Run resumable shard	2026-09-20T12:17:16.8030906Z   CHECKPOINT_SIZE: 250
shards (3)	Run resumable shard	2026-09-20T12:17:16.8031181Z   SNAPSHOT_MANIFEST: cqc-snapshot-manifest.json
shards (3)	Run resumable shard	2026-09-20T12:17:16.8031501Z   BUDGET_HOURS: 5.0
shards (3)	Run resumable shard	2026-09-20T12:17:16.8031742Z   ASSUMED_LATENCY_S: 1.40
shards (3)	Run resumable shard	2026-09-20T12:17:16.8031982Z   FIXED_OVERHEAD_S: 300
shards (3)	Run resumable shard	2026-09-20T12:17:16.8032245Z   RETRY_FACTOR: 1.15
shards (3)	Run resumable shard	2026-09-20T12:17:16.8032476Z   SNAPSHOT_MARGIN: 1.10
shards (3)	Run resumable shard	2026-09-20T12:17:16.8032777Z   pythonLocation: /opt/hostedtoolcache/Python/3.12.14/x64
shards (3)	Run resumable shard	2026-09-20T12:17:16.8033239Z   PKG_CONFIG_PATH: /opt/hostedtoolcache/Python/3.12.14/x64/lib/pkgconfig
shards (3)	Run resumable shard	2026-09-20T12:17:16.8033690Z   Python_ROOT_DIR: /opt/hostedtoolcache/Python/3.12.14/x64
shards (3)	Run resumable shard	2026-09-20T12:17:16.8034081Z   Python2_ROOT_DIR: /opt/hostedtoolcache/Python/3.12.14/x64
shards (3)	Run resumable shard	2026-09-20T12:17:16.8034488Z   Python3_ROOT_DIR: /opt/hostedtoolcache/Python/3.12.14/x64
shards (3)	Run resumable shard	2026-09-20T12:17:16.8034891Z   LD_LIBRARY_PATH: /opt/hostedtoolcache/Python/3.12.14/x64/lib
shards (3)	Run resumable shard	2026-09-20T12:17:16.8036134Z   DATABASE_URL: ***
shards (3)	Run resumable shard	2026-09-20T12:17:16.8036406Z   CQC_API_KEY: ***
shards (3)	Run resumable shard	2026-09-20T12:17:16.8036624Z ##[endgroup]
shards (3)	Run resumable shard	2026-09-20T12:17:22.1626200Z Traceback (most recent call last):
shards (3)	Run resumable shard	2026-09-20T12:17:22.1635167Z   File "/home/runner/work/caregist/caregist/incremental_update.py", line 2593, in <module>
shards (3)	Run resumable shard	2026-09-20T12:17:22.1636355Z     raise SystemExit(main())
shards (3)	Run resumable shard	2026-09-20T12:17:22.1636913Z                      ^^^^^^
shards (3)	Run resumable shard	2026-09-20T12:17:22.1637859Z   File "/home/runner/work/caregist/caregist/incremental_update.py", line 2587, in main
shards (3)	Run resumable shard	2026-09-20T12:17:22.1641164Z     return _run_reconciliation_phase(args, api_key, database_url)
shards (3)	Run resumable shard	2026-09-20T12:17:22.1641913Z            ^^^^^^^^^^^^^^^^^^^^^^^^^^^^^^^^^^^^^^^^^^^^^^^^^^^^^^
shards (3)	Run resumable shard	2026-09-20T12:17:22.1643010Z   File "/home/runner/work/caregist/caregist/incremental_update.py", line 2465, in _run_reconciliation_phase
shards (3)	Run resumable shard	2026-09-20T12:17:22.1648070Z     return _run_shard(args, conn, cur, api_key)
shards (3)	Run resumable shard	2026-09-20T12:17:22.1649289Z            ^^^^^^^^^^^^^^^^^^^^^^^^^^^^^^^^^^^^
shards (3)	Run resumable shard	2026-09-20T12:17:22.1650262Z   File "/home/runner/work/caregist/caregist/incremental_update.py", line 1841, in _run_shard
shards (3)	Run resumable shard	2026-09-20T12:17:22.1653594Z     checkpoint_counts[upsert_provider(cur, record)] += 1
shards (3)	Run resumable shard	2026-09-20T12:17:22.1654206Z                       ^^^^^^^^^^^^^^^^^^^^^^^^^^^^
shards (3)	Run resumable shard	2026-09-20T12:17:22.1654855Z   File "/home/runner/work/caregist/caregist/incremental_update.py", line 1235, in upsert_provider
shards (3)	Run resumable shard	2026-09-20T12:17:22.1656815Z     cur.execute(
shards (3)	Run resumable shard	2026-09-20T12:17:22.1657432Z psycopg2.errors.UndefinedColumn: column "rating_state" does not exist
shards (3)	Run resumable shard	2026-09-20T12:17:22.1658077Z LINE 1: SELECT id, provider_id, overall_rating, rating_state, status...
shards (3)	Run resumable shard	2026-09-20T12:17:22.1658743Z                                                 ^
shards (3)	Run resumable shard	2026-09-20T12:17:22.1659184Z HINT:  Perhaps you meant to reference the column "care_providers.rating_safe".
shards (3)	Run resumable shard	2026-09-20T12:17:22.1659512Z
shards (3)	Run resumable shard	2026-09-20T12:17:22.1916060Z ##[error]Process completed with exit code 1.

=== live surfaces after the repair ===
freshness http=503
health    http=200
--- /api/v1/health/freshness body:
{"status":"partial","source":"https://www.cqc.org.uk/system/files/2026-09/09_september_2026_CQC_directory.csv","sourcePublishedAt":"2026-09-09","sourceRetrievedAt":"2026-09-16T07:42:01.603817+00:00","reconciledAt":"2026-09-16T12:00:07.325481+00:00","totalSourceLocations":57151,"checkedLocations":57151,"successfullyCheckedLocations":57151,"coveragePercentage":100.0,"successCount":57151,"failureCount":0,"countsReconciled":true,"checksumSha256":"cf2e7bc20493b331ca3953c708652ca7b2159cc9b223f0f876c9cf481cde44ce","latestAttempt":{"status":"failed","startedAt":null,"completedAt":null,"totalSourceLocations":57127,"checkedLocations":8,"coveragePercentage":0.014,"successCount":0,"failureCount":8,"countsReconciled":false},"reason":"latest_authoritative_attempt_incomplete","message":"Freshness cannot currently be confirmed. The last successful retrieval was 16 September 2026 at 07:42 UTC, coverage was 100.0%, and the latest authoritative attempt did not complete and reconcile.","release":{"git_sha":"565f2f2472a19dd7a63de4dacd20b4eb2c1d156f"}}
--- /api/v1/health body:
{"status":"degraded","generated_at":"2026-09-20T12:21:11.952828+00:00","readiness_ok":true,"freshness_ok":false,"source_fresh":false,"feed_fresh":true,"source":{"source":"Care Quality Commission public directory","sourceUri":"https://www.cqc.org.uk/system/files/2026-09/09_september_2026_CQC_directory.csv","sourcePublishedAt":"2026-09-09","sourceRetrievedAt":"2026-09-16T07:42:01.603817+00:00","reconciledAt":"2026-09-16T12:00:07.325481+00:00","checksumSha256":"cf2e7bc20493b331ca3953c708652ca7b2159cc9b223f0f876c9cf481cde44ce","sourceLocationCount":57151,"checkedLocationCount":57151,"successCount":57151,"failureCount":0,"coveragePercentage":100.0,"activeLocationCount":57223,"countsReconciled":true,"freshnessStatus":"partial","reason":"latest_authoritative_attempt_incomplete","ageHours":100.7,"slaHours":192},"eventActivity":{"latestObservedAt":"2026-09-20T09:55:39.790523+00:00","latestEffecti

=== reconciliation rows (post-run) ===
### reconciliation runs (newest first) — what the freshness endpoint sees
  id=6635 status='failed'     started=2026-09-20 12:16:31.500926 completed=2026-09-20 12:19:00.472102
      pub=2026-09-16 ret=2026-09-20 12:16:31.413799+00:00 total=57127 checked=8 reconciled_at=None counts_reconciled=False ck=bed9e95a17…
  id=6634 status='failed'     started=2026-09-20 07:45:23.082601 completed=2026-09-20 10:00:30.237375
      pub=2026-09-16 ret=2026-09-20 07:45:22.994581+00:00 total=57127 checked=39571 reconciled_at=None counts_reconciled=False ck=bed9e95a17…
  id=6607 status='completed'  started=2026-09-16 07:42:01.712336 completed=2026-09-16 12:00:07.325481
      pub=2026-09-09 ret=2026-09-16 07:42:01.603817+00:00 total=57151 checked=57151 reconciled_at=2026-09-16 12:00:07.325481+00:00 counts_reconciled=True ck=cf2e7bc204…
  id=6577 status='completed'  started=2026-09-14 15:21:52.560987 completed=2026-09-14 19:37:16.883588
      pub=2026-09-09 ret=2026-09-14 15:21:52.476877+00:00 total=57151 checked=57151 reconciled_at=2026-09-14 19:37:16.883588+00:00 counts_reconciled=True ck=cf2e7bc204…
  id=6539 status='failed'     started=2026-09-13 11:11:28.745698 completed=2026-09-13 16:00:01.208249
      pub=2026-09-09 ret=2026-09-13 11:11:28.667488+00:00 total=57151 checked=57151 reconciled_at=None counts_reconciled=False ck=cf2e7bc204…
  id=6272 status='failed'     started=2026-09-04 20:46:28.661934 completed=2026-09-04 21:26:42.925983
      pub=2026-09-02 ret=2026-09-04 20:46:28.616540+00:00 total=57085 checked=21000 reconciled_at=None counts_reconciled=False ck=5b5ef41baf…
  id=6231 status='failed'     started=2026-09-03 13:20:32.792960 completed=2026-09-03 17:25:08.971414
      pub=2026-09-02 ret=2026-09-03 13:20:28.255935+00:00 total=57085 checked=54665 reconciled_at=None counts_reconciled=False ck=5b5ef41baf…
  id=5312 status='failed'     started=2026-08-12 17:56:34.820782 completed=2026-09-03 13:20:28.349979
      pub=2026-08-12 ret=2026-08-12 17:56:34.736209+00:00 total=57060 checked=57060 reconciled_at=None counts_reconciled=False ck=6d2641bdfb…
=== watch complete 2026-09-20T12:21:13Z ===

=== watch start (post-migration run) 2026-09-20T12:28:07Z run=35510678221 ===
2026-09-20T12:28:09Z run=in_progress /
        jobs: validate-inputs:completed/success  prepare:in_progress/  dry-run:completed/skipped
2026-09-20T12:33:11Z run=queued /
        jobs: validate-inputs:completed/success  prepare:completed/success  dry-run:completed/skipped  shards (4):queued/  shards (2):in_progress/  shards (7):queued/  shards (3):in_progress/  shards (0):in_progress/  shards (6):queued/  shards (1):in_progress/  shards (5):queued/
2026-09-20T12:38:12Z run=queued /
        jobs: validate-inputs:completed/success  prepare:completed/success  dry-run:completed/skipped  shards (4):queued/  shards (2):in_progress/  shards (7):queued/  shards (3):in_progress/  shards (0):in_progress/  shards (6):queued/  shards (1):in_progress/  shards (5):queued/
2026-09-20T12:43:14Z run=queued /
        jobs: validate-inputs:completed/success  prepare:completed/success  dry-run:completed/skipped  shards (4):queued/  shards (2):in_progress/  shards (7):queued/  shards (3):in_progress/  shards (0):in_progress/  shards (6):queued/  shards (1):in_progress/  shards (5):queued/
2026-09-20T12:48:15Z run=queued /
        jobs: validate-inputs:completed/success  prepare:completed/success  dry-run:completed/skipped  shards (4):queued/  shards (2):in_progress/  shards (7):queued/  shards (3):in_progress/  shards (0):in_progress/  shards (6):queued/  shards (1):in_progress/  shards (5):queued/
2026-09-20T12:53:17Z run=queued /
        jobs: validate-inputs:completed/success  prepare:completed/success  dry-run:completed/skipped  shards (4):queued/  shards (2):in_progress/  shards (7):queued/  shards (3):in_progress/  shards (0):in_progress/  shards (6):queued/  shards (1):in_progress/  shards (5):queued/
2026-09-20T12:58:18Z run=queued /
        jobs: validate-inputs:completed/success  prepare:completed/success  dry-run:completed/skipped  shards (4):queued/  shards (2):in_progress/  shards (7):queued/  shards (3):in_progress/  shards (0):in_progress/  shards (6):queued/  shards (1):in_progress/  shards (5):queued/
2026-09-20T13:03:20Z run=queued /
        jobs: validate-inputs:completed/success  prepare:completed/success  dry-run:completed/skipped  shards (4):queued/  shards (2):in_progress/  shards (7):queued/  shards (3):in_progress/  shards (0):in_progress/  shards (6):queued/  shards (1):in_progress/  shards (5):queued/
2026-09-20T13:08:22Z run=queued /
        jobs: validate-inputs:completed/success  prepare:completed/success  dry-run:completed/skipped  shards (4):queued/  shards (2):in_progress/  shards (7):queued/  shards (3):in_progress/  shards (0):in_progress/  shards (6):queued/  shards (1):in_progress/  shards (5):queued/
2026-09-20T13:13:23Z run=queued /
        jobs: validate-inputs:completed/success  prepare:completed/success  dry-run:completed/skipped  shards (4):queued/  shards (2):in_progress/  shards (7):queued/  shards (3):in_progress/  shards (0):in_progress/  shards (6):queued/  shards (1):in_progress/  shards (5):queued/
2026-09-20T13:18:25Z run=queued /
        jobs: validate-inputs:completed/success  prepare:completed/success  dry-run:completed/skipped  shards (4):queued/  shards (2):in_progress/  shards (7):queued/  shards (3):in_progress/  shards (0):in_progress/  shards (6):queued/  shards (1):in_progress/  shards (5):queued/
2026-09-20T13:23:27Z run=queued /
        jobs: validate-inputs:completed/success  prepare:completed/success  dry-run:completed/skipped  shards (4):queued/  shards (2):in_progress/  shards (7):queued/  shards (3):in_progress/  shards (0):in_progress/  shards (6):queued/  shards (1):in_progress/  shards (5):queued/
2026-09-20T13:28:29Z run=queued /
        jobs: validate-inputs:completed/success  prepare:completed/success  dry-run:completed/skipped  shards (4):queued/  shards (2):in_progress/  shards (7):queued/  shards (3):in_progress/  shards (0):in_progress/  shards (6):queued/  shards (1):in_progress/  shards (5):queued/
2026-09-20T13:33:31Z run=queued /
        jobs: validate-inputs:completed/success  prepare:completed/success  dry-run:completed/skipped  shards (4):queued/  shards (2):in_progress/  shards (7):queued/  shards (3):in_progress/  shards (0):in_progress/  shards (6):queued/  shards (1):in_progress/  shards (5):queued/
2026-09-20T13:39:14Z run=queued /
        jobs: validate-inputs:completed/success  prepare:completed/success  dry-run:completed/skipped  shards (4):queued/  shards (2):in_progress/  shards (7):queued/  shards (3):in_progress/  shards (0):in_progress/  shards (6):queued/  shards (1):in_progress/  shards (5):queued/
2026-09-20T13:44:16Z run=queued /
        jobs: validate-inputs:completed/success  prepare:completed/success  dry-run:completed/skipped  shards (4):queued/  shards (2):in_progress/  shards (7):queued/  shards (3):in_progress/  shards (0):in_progress/  shards (6):queued/  shards (1):in_progress/  shards (5):queued/
2026-09-20T13:49:18Z run=queued /
        jobs: validate-inputs:completed/success  prepare:completed/success  dry-run:completed/skipped  shards (4):queued/  shards (2):in_progress/  shards (7):queued/  shards (3):in_progress/  shards (0):in_progress/  shards (6):queued/  shards (1):in_progress/  shards (5):queued/
2026-09-20T13:54:20Z run=queued /
        jobs: validate-inputs:completed/success  prepare:completed/success  dry-run:completed/skipped  shards (4):queued/  shards (2):in_progress/  shards (7):queued/  shards (3):in_progress/  shards (0):in_progress/  shards (6):queued/  shards (1):in_progress/  shards (5):queued/
2026-09-20T13:59:21Z run=queued /
        jobs: validate-inputs:completed/success  prepare:completed/success  dry-run:completed/skipped  shards (4):queued/  shards (2):in_progress/  shards (7):queued/  shards (3):in_progress/  shards (0):in_progress/  shards (6):queued/  shards (1):in_progress/  shards (5):queued/
2026-09-20T14:04:23Z run=queued /
        jobs: validate-inputs:completed/success  prepare:completed/success  dry-run:completed/skipped  shards (4):in_progress/  shards (2):in_progress/  shards (7):queued/  shards (3):in_progress/  shards (0):in_progress/  shards (6):queued/  shards (1):completed/success  shards (5):queued/
2026-09-20T14:09:25Z run=queued /
        jobs: validate-inputs:completed/success  prepare:completed/success  dry-run:completed/skipped  shards (4):in_progress/  shards (2):in_progress/  shards (7):queued/  shards (3):in_progress/  shards (0):in_progress/  shards (6):queued/  shards (1):completed/success  shards (5):queued/
2026-09-20T14:14:27Z run=queued /
        jobs: validate-inputs:completed/success  prepare:completed/success  dry-run:completed/skipped  shards (4):in_progress/  shards (2):in_progress/  shards (7):queued/  shards (3):in_progress/  shards (0):in_progress/  shards (6):queued/  shards (1):completed/success  shards (5):queued/
2026-09-20T14:19:28Z run=queued /
        jobs: validate-inputs:completed/success  prepare:completed/success  dry-run:completed/skipped  shards (4):in_progress/  shards (2):in_progress/  shards (7):queued/  shards (3):in_progress/  shards (0):in_progress/  shards (6):queued/  shards (1):completed/success  shards (5):queued/
2026-09-20T14:24:30Z run=queued /
        jobs: validate-inputs:completed/success  prepare:completed/success  dry-run:completed/skipped  shards (4):in_progress/  shards (2):in_progress/  shards (7):queued/  shards (3):completed/success  shards (0):completed/success  shards (6):in_progress/  shards (1):completed/success  shards (5):in_progress/
2026-09-20T14:29:32Z run=queued /
        jobs: validate-inputs:completed/success  prepare:completed/success  dry-run:completed/skipped  shards (4):in_progress/  shards (2):in_progress/  shards (7):queued/  shards (3):completed/success  shards (0):completed/success  shards (6):in_progress/  shards (1):completed/success  shards (5):in_progress/
2026-09-20T14:34:33Z run=queued /
        jobs: validate-inputs:completed/success  prepare:completed/success  dry-run:completed/skipped  shards (4):in_progress/  shards (2):in_progress/  shards (7):queued/  shards (3):completed/success  shards (0):completed/success  shards (6):in_progress/  shards (1):completed/success  shards (5):in_progress/
2026-09-20T14:39:35Z run=queued /
        jobs: validate-inputs:completed/success  prepare:completed/success  dry-run:completed/skipped  shards (4):in_progress/  shards (2):in_progress/  shards (7):queued/  shards (3):completed/success  shards (0):completed/success  shards (6):in_progress/  shards (1):completed/success  shards (5):in_progress/
2026-09-20T14:44:37Z run=queued /
        jobs: validate-inputs:completed/success  prepare:completed/success  dry-run:completed/skipped  shards (4):in_progress/  shards (2):in_progress/  shards (7):queued/  shards (3):completed/success  shards (0):completed/success  shards (6):in_progress/  shards (1):completed/success  shards (5):in_progress/
2026-09-20T14:49:39Z run=in_progress /
        jobs: validate-inputs:completed/success  prepare:completed/success  dry-run:completed/skipped  shards (4):in_progress/  shards (2):completed/success  shards (7):in_progress/  shards (3):completed/success  shards (0):completed/success  shards (6):in_progress/  shards (1):completed/success  shards (5):in_progress/
2026-09-20T14:54:41Z run=in_progress /
        jobs: validate-inputs:completed/success  prepare:completed/success  dry-run:completed/skipped  shards (4):in_progress/  shards (2):completed/success  shards (7):in_progress/  shards (3):completed/success  shards (0):completed/success  shards (6):in_progress/  shards (1):completed/success  shards (5):in_progress/
2026-09-20T14:59:42Z run=in_progress /
        jobs: validate-inputs:completed/success  prepare:completed/success  dry-run:completed/skipped  shards (4):in_progress/  shards (2):completed/success  shards (7):in_progress/  shards (3):completed/success  shards (0):completed/success  shards (6):in_progress/  shards (1):completed/success  shards (5):in_progress/
2026-09-20T15:04:44Z run=in_progress /
        jobs: validate-inputs:completed/success  prepare:completed/success  dry-run:completed/skipped  shards (4):in_progress/  shards (2):completed/success  shards (7):in_progress/  shards (3):completed/success  shards (0):completed/success  shards (6):in_progress/  shards (1):completed/success  shards (5):in_progress/
2026-09-20T15:09:46Z run=in_progress /
        jobs: validate-inputs:completed/success  prepare:completed/success  dry-run:completed/skipped  shards (4):in_progress/  shards (2):completed/success  shards (7):in_progress/  shards (3):completed/success  shards (0):completed/success  shards (6):in_progress/  shards (1):completed/success  shards (5):in_progress/
2026-09-20T15:14:48Z run=in_progress /
        jobs: validate-inputs:completed/success  prepare:completed/success  dry-run:completed/skipped  shards (4):in_progress/  shards (2):completed/success  shards (7):in_progress/  shards (3):completed/success  shards (0):completed/success  shards (6):in_progress/  shards (1):completed/success  shards (5):in_progress/
2026-09-20T15:19:50Z run=in_progress /
        jobs: validate-inputs:completed/success  prepare:completed/success  dry-run:completed/skipped  shards (4):in_progress/  shards (2):completed/success  shards (7):in_progress/  shards (3):completed/success  shards (0):completed/success  shards (6):in_progress/  shards (1):completed/success  shards (5):in_progress/
2026-09-20T15:24:52Z run=in_progress /
        jobs: validate-inputs:completed/success  prepare:completed/success  dry-run:completed/skipped  shards (4):in_progress/  shards (2):completed/success  shards (7):in_progress/  shards (3):completed/success  shards (0):completed/success  shards (6):in_progress/  shards (1):completed/success  shards (5):in_progress/
2026-09-20T15:29:53Z run=in_progress /
        jobs: validate-inputs:completed/success  prepare:completed/success  dry-run:completed/skipped  shards (4):in_progress/  shards (2):completed/success  shards (7):in_progress/  shards (3):completed/success  shards (0):completed/success  shards (6):in_progress/  shards (1):completed/success  shards (5):in_progress/
2026-09-20T15:34:55Z run=in_progress /
        jobs: validate-inputs:completed/success  prepare:completed/success  dry-run:completed/skipped  shards (4):in_progress/  shards (2):completed/success  shards (7):in_progress/  shards (3):completed/success  shards (0):completed/success  shards (6):in_progress/  shards (1):completed/success  shards (5):in_progress/
2026-09-20T15:39:57Z run=in_progress /
        jobs: validate-inputs:completed/success  prepare:completed/success  dry-run:completed/skipped  shards (4):in_progress/  shards (2):completed/success  shards (7):in_progress/  shards (3):completed/success  shards (0):completed/success  shards (6):in_progress/  shards (1):completed/success  shards (5):in_progress/
2026-09-20T15:44:59Z run=in_progress /
        jobs: validate-inputs:completed/success  prepare:completed/success  dry-run:completed/skipped  shards (4):in_progress/  shards (2):completed/success  shards (7):in_progress/  shards (3):completed/success  shards (0):completed/success  shards (6):in_progress/  shards (1):completed/success  shards (5):in_progress/
2026-09-20T15:50:01Z run=in_progress /
        jobs: validate-inputs:completed/success  prepare:completed/success  dry-run:completed/skipped  shards (4):in_progress/  shards (2):completed/success  shards (7):in_progress/  shards (3):completed/success  shards (0):completed/success  shards (6):in_progress/  shards (1):completed/success  shards (5):in_progress/
2026-09-20T15:55:03Z run=in_progress /
        jobs: validate-inputs:completed/success  prepare:completed/success  dry-run:completed/skipped  shards (4):in_progress/  shards (2):completed/success  shards (7):in_progress/  shards (3):completed/success  shards (0):completed/success  shards (6):in_progress/  shards (1):completed/success  shards (5):completed/success
2026-09-20T16:00:04Z run=in_progress /
        jobs: validate-inputs:completed/success  prepare:completed/success  dry-run:completed/skipped  shards (4):completed/success  shards (2):completed/success  shards (7):in_progress/  shards (3):completed/success  shards (0):completed/success  shards (6):in_progress/  shards (1):completed/success  shards (5):completed/success
2026-09-20T16:05:06Z run=in_progress /
        jobs: validate-inputs:completed/success  prepare:completed/success  dry-run:completed/skipped  shards (4):completed/success  shards (2):completed/success  shards (7):in_progress/  shards (3):completed/success  shards (0):completed/success  shards (6):in_progress/  shards (1):completed/success  shards (5):completed/success
2026-09-20T16:10:08Z run=in_progress /
        jobs: validate-inputs:completed/success  prepare:completed/success  dry-run:completed/skipped  shards (4):completed/success  shards (2):completed/success  shards (7):in_progress/  shards (3):completed/success  shards (0):completed/success  shards (6):in_progress/  shards (1):completed/success  shards (5):completed/success
2026-09-20T16:15:10Z run=in_progress /
        jobs: validate-inputs:completed/success  prepare:completed/success  dry-run:completed/skipped  shards (4):completed/success  shards (2):completed/success  shards (7):in_progress/  shards (3):completed/success  shards (0):completed/success  shards (6):in_progress/  shards (1):completed/success  shards (5):completed/success
2026-09-20T16:20:12Z run=in_progress /
        jobs: validate-inputs:completed/success  prepare:completed/success  dry-run:completed/skipped  shards (4):completed/success  shards (2):completed/success  shards (7):in_progress/  shards (3):completed/success  shards (0):completed/success  shards (6):in_progress/  shards (1):completed/success  shards (5):completed/success
2026-09-20T16:25:14Z run=in_progress /
        jobs: validate-inputs:completed/success  prepare:completed/success  dry-run:completed/skipped  shards (4):completed/success  shards (2):completed/success  shards (7):in_progress/  shards (3):completed/success  shards (0):completed/success  shards (6):in_progress/  shards (1):completed/success  shards (5):completed/success
2026-09-20T16:30:16Z run=in_progress /
        jobs: validate-inputs:completed/success  prepare:completed/success  dry-run:completed/skipped  shards (4):completed/success  shards (2):completed/success  shards (7):in_progress/  shards (3):completed/success  shards (0):completed/success  shards (6):in_progress/  shards (1):completed/success  shards (5):completed/success
2026-09-20T16:35:17Z run=in_progress /
        jobs: validate-inputs:completed/success  prepare:completed/success  dry-run:completed/skipped  shards (4):completed/success  shards (2):completed/success  shards (7):in_progress/  shards (3):completed/success  shards (0):completed/success  shards (6):in_progress/  shards (1):completed/success  shards (5):completed/success
2026-09-20T16:40:19Z run=in_progress /
        jobs: validate-inputs:completed/success  prepare:completed/success  dry-run:completed/skipped  shards (4):completed/success  shards (2):completed/success  shards (7):completed/success  shards (3):completed/success  shards (0):completed/success  shards (6):in_progress/  shards (1):completed/success  shards (5):completed/success
2026-09-20T16:45:21Z run=in_progress /
        jobs: validate-inputs:completed/success  prepare:completed/success  dry-run:completed/skipped  shards (4):completed/success  shards (2):completed/success  shards (7):completed/success  shards (3):completed/success  shards (0):completed/success  shards (6):in_progress/  shards (1):completed/success  shards (5):completed/success
2026-09-20T16:50:23Z run=in_progress /
        jobs: validate-inputs:completed/success  prepare:completed/success  dry-run:completed/skipped  shards (4):completed/success  shards (2):completed/success  shards (7):completed/success  shards (3):completed/success  shards (0):completed/success  shards (6):completed/success  shards (1):completed/success  shards (5):completed/success  finalize:in_progress/
2026-09-20T16:55:25Z run=in_progress /
        jobs: validate-inputs:completed/success  prepare:completed/success  dry-run:completed/skipped  shards (4):completed/success  shards (2):completed/success  shards (7):completed/success  shards (3):completed/success  shards (0):completed/success  shards (6):completed/success  shards (1):completed/success  shards (5):completed/success  finalize:in_progress/
2026-09-20T17:00:27Z run=in_progress /
        jobs: validate-inputs:completed/success  prepare:completed/success  dry-run:completed/skipped  shards (4):completed/success  shards (2):completed/success  shards (7):completed/success  shards (3):completed/success  shards (0):completed/success  shards (6):completed/success  shards (1):completed/success  shards (5):completed/success  finalize:in_progress/
2026-09-20T17:05:28Z run=in_progress /
        jobs: validate-inputs:completed/success  prepare:completed/success  dry-run:completed/skipped  shards (4):completed/success  shards (2):completed/success  shards (7):completed/success  shards (3):completed/success  shards (0):completed/success  shards (6):completed/success  shards (1):completed/success  shards (5):completed/success  finalize:in_progress/
2026-09-20T17:10:30Z run=in_progress /
        jobs: validate-inputs:completed/success  prepare:completed/success  dry-run:completed/skipped  shards (4):completed/success  shards (2):completed/success  shards (7):completed/success  shards (3):completed/success  shards (0):completed/success  shards (6):completed/success  shards (1):completed/success  shards (5):completed/success  finalize:in_progress/
2026-09-20T17:15:32Z run=in_progress /
        jobs: validate-inputs:completed/success  prepare:completed/success  dry-run:completed/skipped  shards (4):completed/success  shards (2):completed/success  shards (7):completed/success  shards (3):completed/success  shards (0):completed/success  shards (6):completed/success  shards (1):completed/success  shards (5):completed/success  finalize:in_progress/
2026-09-20T17:20:34Z run=completed / cancelled
        jobs: validate-inputs:completed/success  prepare:completed/success  dry-run:completed/skipped  shards (4):completed/success  shards (2):completed/success  shards (7):completed/success  shards (3):completed/success  shards (0):completed/success  shards (6):completed/success  shards (1):completed/success  shards (5):completed/success  finalize:completed/cancelled  abort-incomplete:completed/success
=== FINAL 2026-09-20T17:20:34Z ===
{"conclusion":"cancelled","createdAt":"2026-09-20T12:27:44Z","headSha":"565f2f2472a19dd7a63de4dacd20b4eb2c1d156f","status":"completed","updatedAt":"2026-09-20T17:18:32Z"}
LIVE /api/v1/health/freshness -> 503 {"status":"partial","source":"https://www.cqc.org.uk/system/files/2026-09/09_september_2026_CQC_directory.csv","sourcePublishedAt":"2026-09-09","sourceRetrievedAt":"2026-09-16T07:42:01.603817+00:00","reconciledAt":"2026-
LIVE /api/v1/health -> 200 {"status":"degraded","generated_at":"2026-09-20T17:20:35.541276+00:00","readiness_ok":true,"freshness_ok":false,"source_fresh":false,"feed_fresh":true,"source":{"source":"Care Quality Commission public directory","source
[REDACTED public provider-search response; not needed for repair evidence]
### reconciliation runs (newest first) — what the freshness endpoint sees
  id=6636 status='failed'     started=2026-09-20 12:28:31.212635 completed=2026-09-20 17:18:25.725685
      pub=2026-09-16 ret=2026-09-20 12:28:31.108381+00:00 total=57127 checked=57127 reconciled_at=None counts_reconciled=False ck=bed9e95a17…
  id=6635 status='failed'     started=2026-09-20 12:16:31.500926 completed=2026-09-20 12:19:00.472102
      pub=2026-09-16 ret=2026-09-20 12:16:31.413799+00:00 total=57127 checked=8 reconciled_at=None counts_reconciled=False ck=bed9e95a17…
  id=6634 status='failed'     started=2026-09-20 07:45:23.082601 completed=2026-09-20 10:00:30.237375
      pub=2026-09-16 ret=2026-09-20 07:45:22.994581+00:00 total=57127 checked=39571 reconciled_at=None counts_reconciled=False ck=bed9e95a17…
  id=6607 status='completed'  started=2026-09-16 07:42:01.712336 completed=2026-09-16 12:00:07.325481
      pub=2026-09-09 ret=2026-09-16 07:42:01.603817+00:00 total=57151 checked=57151 reconciled_at=2026-09-16 12:00:07.325481+00:00 counts_reconciled=True ck=cf2e7bc204…
  id=6577 status='completed'  started=2026-09-14 15:21:52.560987 completed=2026-09-14 19:37:16.883588
      pub=2026-09-09 ret=2026-09-14 15:21:52.476877+00:00 total=57151 checked=57151 reconciled_at=2026-09-14 19:37:16.883588+00:00 counts_reconciled=True ck=cf2e7bc204…
  id=6539 status='failed'     started=2026-09-13 11:11:28.745698 completed=2026-09-13 16:00:01.208249
      pub=2026-09-09 ret=2026-09-13 11:11:28.667488+00:00 total=57151 checked=57151 reconciled_at=None counts_reconciled=False ck=cf2e7bc204…
  id=6272 status='failed'     started=2026-09-04 20:46:28.661934 completed=2026-09-04 21:26:42.925983
      pub=2026-09-02 ret=2026-09-04 20:46:28.616540+00:00 total=57085 checked=21000 reconciled_at=None counts_reconciled=False ck=5b5ef41baf…
  id=6231 status='failed'     started=2026-09-03 13:20:32.792960 completed=2026-09-03 17:25:08.971414
      pub=2026-09-02 ret=2026-09-03 13:20:28.255935+00:00 total=57085 checked=54665 reconciled_at=None counts_reconciled=False ck=5b5ef41baf…
=== watch complete 2026-09-20T17:20:43Z ===
